src/pages/admin/ClientRegistration.tsx(6,29): error TS2307: Cannot find module '@/components/layout/DashboardLayout' or its corresponding type declarations.
src/pages/admin/ClientRegistration.tsx(7,75): error TS2307: Cannot find module '@/components/ui/card' or its corresponding type declarations.
src/pages/admin/ClientRegistration.tsx(8,23): error TS2307: Cannot find module '@/components/ui/input' or its corresponding type declarations.
src/pages/admin/ClientRegistration.tsx(9,24): error TS2307: Cannot find module '@/components/ui/button' or its corresponding type declarations.
src/pages/admin/ClientRegistration.tsx(10,23): error TS2307: Cannot find module '@/components/ui/label' or its corresponding type declarations.
src/pages/admin/ClientRegistration.tsx(11,26): error TS2307: Cannot find module '@/components/ui/textarea' or its corresponding type declarations.
src/pages/admin/ClientRegistration.tsx(12,24): error TS2307: Cannot find module '@/components/ui/switch' or its corresponding type declarations.
src/pages/admin/ClientRegistration.tsx(13,79): error TS2307: Cannot find module '@/components/ui/select' or its corresponding type declarations.
src/pages/admin/ClientRegistration.tsx(14,27): error TS2307: Cannot find module '@/components/ui/separator' or its corresponding type declarations.
src/pages/admin/ClientRegistration.tsx(15,23): error TS2307: Cannot find module '@/hooks/use-toast' or its corresponding type declarations.
src/pages/admin/ClientRegistration.tsx(16,26): error TS2307: Cannot find module '@/integrations/supabase/client' or its corresponding type declarations.
src/pages/admin/ClientRegistration.tsx(17,25): error TS2307: Cannot find module '@/contexts/AuthContext' or its corresponding type declarations.
src/pages/admin/ClientRegistration.tsx(18,31): error TS2307: Cannot find module '@/integrations/supabase/types' or its corresponding type declarations.
src/pages/admin/ClientRegistration.tsx(21,57): error TS2307: Cannot find module '@/components/ui/popover' or its corresponding type declarations.
src/pages/admin/ClientRegistration.tsx(22,93): error TS2307: Cannot find module '@/components/ui/command' or its corresponding type declarations.
src/pages/admin/ClientRegistration.tsx(23,20): error TS2307: Cannot find module '@/lib/utils' or its corresponding type declarations.
